2025-06-09T13:55:04.042+08:00  INFO 34192 --- [mydb] [main] c.e.flightapi.FlightApiApplication       : Starting FlightApiApplication using Java 21.0.7 with PID 34192 (C:\Users\HaiLiCui\Desktop\Fullstack\flight-api\target\classes started by HaiLiCui in C:\Users\HaiLiCui\Desktop\Fullstack\flight-api)
2025-06-09T13:55:04.046+08:00  INFO 34192 --- [mydb] [main] c.e.flightapi.FlightApiApplication       : No active profile set, falling back to 1 default profile: "default"
2025-06-09T13:55:05.275+08:00  INFO 34192 --- [mydb] [main] .s.d.r.c.RepositoryConfigurationDelegate : Bootstrapping Spring Data JPA repositories in DEFAULT mode.
2025-06-09T13:55:05.351+08:00  INFO 34192 --- [mydb] [main] .s.d.r.c.RepositoryConfigurationDelegate : Finished Spring Data repository scanning in 59 ms. Found 5 JPA repository interfaces.
2025-06-09T13:55:05.924+08:00  INFO 34192 --- [mydb] [main] o.s.b.w.embedded.tomcat.TomcatWebServer  : Tomcat initialized with port 8080 (http)
2025-06-09T13:55:05.936+08:00  INFO 34192 --- [mydb] [main] o.apache.catalina.core.StandardService   : Starting service [Tomcat]
2025-06-09T13:55:05.936+08:00  INFO 34192 --- [mydb] [main] o.apache.catalina.core.StandardEngine    : Starting Servlet engine: [Apache Tomcat/10.1.39]
2025-06-09T13:55:06.012+08:00  INFO 34192 --- [mydb] [main] o.a.c.c.C.[Tomcat].[localhost].[/]       : Initializing Spring embedded WebApplicationContext
2025-06-09T13:55:06.013+08:00  INFO 34192 --- [mydb] [main] w.s.c.ServletWebServerApplicationContext : Root WebApplicationContext: initialization completed in 1920 ms
2025-06-09T13:55:06.141+08:00  INFO 34192 --- [mydb] [main] com.zaxxer.hikari.HikariDataSource       : HikariPool-1 - Starting...
2025-06-09T13:55:06.491+08:00  INFO 34192 --- [mydb] [main] com.zaxxer.hikari.pool.HikariPool        : HikariPool-1 - Added connection com.mysql.cj.jdbc.ConnectionImpl@66756662
2025-06-09T13:55:06.491+08:00  INFO 34192 --- [mydb] [main] com.zaxxer.hikari.HikariDataSource       : HikariPool-1 - Start completed.
2025-06-09T13:55:06.587+08:00  INFO 34192 --- [mydb] [main] o.hibernate.jpa.internal.util.LogHelper  : HHH000204: Processing PersistenceUnitInfo [name: default]
2025-06-09T13:55:06.645+08:00  INFO 34192 --- [mydb] [main] org.hibernate.Version                    : HHH000412: Hibernate ORM core version 6.5.3.Final
2025-06-09T13:55:06.685+08:00  INFO 34192 --- [mydb] [main] o.h.c.internal.RegionFactoryInitiator    : HHH000026: Second-level cache disabled
2025-06-09T13:55:07.021+08:00  INFO 34192 --- [mydb] [main] o.s.o.j.p.SpringPersistenceUnitInfo      : No LoadTimeWeaver setup: ignoring JPA class transformer
2025-06-09T13:55:07.801+08:00  INFO 34192 --- [mydb] [main] o.h.e.t.j.p.i.JtaPlatformInitiator       : HHH000489: No JTA platform available (set 'hibernate.transaction.jta.platform' to enable JTA platform integration)
2025-06-09T13:55:07.891+08:00  INFO 34192 --- [mydb] [main] j.LocalContainerEntityManagerFactoryBean : Initialized JPA EntityManagerFactory for persistence unit 'default'
2025-06-09T13:55:08.182+08:00  INFO 34192 --- [mydb] [main] o.s.d.j.r.query.QueryEnhancerFactory     : Hibernate is in classpath; If applicable, HQL parser will be used.
2025-06-09T13:55:08.791+08:00  WARN 34192 --- [mydb] [main] JpaBaseConfiguration$JpaWebConfiguration : spring.jpa.open-in-view is enabled by default. Therefore, database queries may be performed during view rendering. Explicitly configure spring.jpa.open-in-view to disable this warning
2025-06-09T13:55:08.805+08:00  WARN 34192 --- [mydb] [main] .s.s.UserDetailsServiceAutoConfiguration : 

Using generated security password: 84ef6669-3645-49cf-bd0a-58b5bfd7e107

This generated password is for development use only. Your security configuration must be updated before running your application in production.

2025-06-09T13:55:08.812+08:00  INFO 34192 --- [mydb] [main] r$InitializeUserDetailsManagerConfigurer : Global AuthenticationManager configured with UserDetailsService bean with name inMemoryUserDetailsManager
2025-06-09T13:55:09.115+08:00  INFO 34192 --- [mydb] [main] o.s.v.b.OptionalValidatorFactoryBean     : Failed to set up a Bean Validation provider: jakarta.validation.NoProviderFoundException: Unable to create a Configuration, because no Jakarta Bean Validation provider could be found. Add a provider like Hibernate Validator (RI) to your classpath.
2025-06-09T13:55:09.339+08:00  INFO 34192 --- [mydb] [main] o.s.b.w.embedded.tomcat.TomcatWebServer  : Tomcat started on port 8080 (http) with context path '/'
2025-06-09T13:55:09.348+08:00  INFO 34192 --- [mydb] [main] c.e.flightapi.FlightApiApplication       : Started FlightApiApplication in 5.725 seconds (process running for 6.014)
2025-06-09T14:17:04.823+08:00  WARN 34192 --- [mydb] [HikariPool-1 housekeeper] com.zaxxer.hikari.pool.HikariPool        : HikariPool-1 - Thread starvation or clock leap detected (housekeeper delta=57s917ms490µs200ns).
2025-06-09T14:28:37.353+08:00  INFO 34192 --- [mydb] [http-nio-8080-exec-1] o.a.c.c.C.[Tomcat].[localhost].[/]       : Initializing Spring DispatcherServlet 'dispatcherServlet'
2025-06-09T14:28:37.354+08:00  INFO 34192 --- [mydb] [http-nio-8080-exec-1] o.s.web.servlet.DispatcherServlet        : Initializing Servlet 'dispatcherServlet'
2025-06-09T14:28:37.355+08:00  INFO 34192 --- [mydb] [http-nio-8080-exec-1] o.s.web.servlet.DispatcherServlet        : Completed initialization in 1 ms
